Archive member included because of file (symbol)

arch/arm/lib/lib.a(ashldi3.o)
                              drivers/mtd/nand/built-in.o (__aeabi_llsl)
arch/arm/lib/lib.a(ashrdi3.o)
                              drivers/mtd/nand/built-in.o (__aeabi_lasr)
arch/arm/lib/lib.a(lib1funcs.o)
                              arch/arm/cpu/arm920t/built-in.o (__aeabi_uidiv)
arch/arm/lib/lib.a(lshrdi3.o)
                              drivers/mtd/built-in.o (__aeabi_llsr)
arch/arm/lib/lib.a(div0.o)    arch/arm/lib/lib.a(lib1funcs.o) (__div0)

Discarded input sections

 .data          0x00000000        0x0 arch/arm/cpu/arm920t/start.o
 .bss           0x00000000        0x0 arch/arm/cpu/arm920t/start.o
 .text          0x00000000        0x0 arch/arm/cpu/arm920t/built-in.o
 .text.get_UCLK
                0x00000000        0x8 arch/arm/cpu/arm920t/built-in.o
 .text.udelay_masked
                0x00000000       0xf0 arch/arm/cpu/arm920t/built-in.o
 .text.led_on   0x00000000       0x24 arch/arm/cpu/arm920t/built-in.o
 .text.led_off  0x00000000       0x24 arch/arm/cpu/arm920t/built-in.o
 .text.__led_toggle
                0x00000000       0x24 arch/arm/cpu/arm920t/built-in.o
 .data          0x00000000        0x0 arch/arm/cpu/arm920t/built-in.o
 .bss           0x00000000        0x0 arch/arm/cpu/arm920t/built-in.o
 .text.armv7_boot_nonsec_default
                0x00000000        0x8 arch/arm/lib/built-in.o
 .text.invalidate_dcache_range
                0x00000000        0x4 arch/arm/lib/built-in.o
 .text.check_cache_range
                0x00000000       0x34 arch/arm/lib/built-in.o
 .text.enable_caches
                0x00000000        0xc arch/arm/lib/built-in.o
 .text.set_section_dcache
                0x00000000       0x14 arch/arm/lib/built-in.o
 .text.mmu_page_table_flush
                0x00000000        0x4 arch/arm/lib/built-in.o
 .text.mmu_set_region_dcache_behaviour
                0x00000000       0x68 arch/arm/lib/built-in.o
 .text.icache_status
                0x00000000       0x10 arch/arm/lib/built-in.o
 .text.fdt_psci
                0x00000000        0x8 arch/arm/lib/built-in.o
 .data          0x00000000        0x0 arch/arm/lib/built-in.o
 .__secure_stack_end
                0x00000000        0x0 arch/arm/lib/built-in.o
 .__secure_stack_start
                0x00000000        0x0 arch/arm/lib/built-in.o
 .__secure_start
                0x00000000        0x0 arch/arm/lib/built-in.o
 .__secure_end  0x00000000        0x0 arch/arm/lib/built-in.o
 .bss           0x00000000        0x0 arch/arm/lib/built-in.o
 .text.board_flash_get_legacy
                0x00000000       0x18 board/samsung/JZ2440/built-in.o
 .data          0x00000000        0x0 board/samsung/JZ2440/built-in.o
 .bss           0x00000000        0x0 board/samsung/JZ2440/built-in.o
 .text          0x00000000        0x0 cmd/built-in.o
 .text.device_find
                0x00000000       0x4c cmd/built-in.o
 .text.common_diskboot
                0x00000000      0x254 cmd/built-in.o
 .data          0x00000000        0x0 cmd/built-in.o
 .bss           0x00000000        0x0 cmd/built-in.o
 .text          0x00000000        0x0 common/built-in.o
 .text.hash_progressive_lookup_algo
                0x00000000       0x38 common/built-in.o
 .text.hash_lookup_algo
                0x00000000       0x28 common/built-in.o
 .text.hash_block
                0x00000000       0x6c common/built-in.o
 .text.hash_parse_string
                0x00000000       0x6c common/built-in.o
 .text.hash_finish_crc32
                0x00000000       0x2c common/built-in.o
 .text.hash_update_crc32
                0x00000000       0x24 common/built-in.o
 .text.hash_init_crc32
                0x00000000       0x24 common/built-in.o
 .text.unset_local_var
                0x00000000       0x9c common/built-in.o
 .text.bootretry_dont_retry
                0x00000000       0x14 common/built-in.o
 .text.red_led_off
                0x00000000        0x4 common/built-in.o
 .text.green_led_on
                0x00000000        0x4 common/built-in.o
 .text.green_led_off
                0x00000000        0x4 common/built-in.o
 .text.yellow_led_on
                0x00000000        0x4 common/built-in.o
 .text.yellow_led_off
                0x00000000        0x4 common/built-in.o
 .text.blue_led_on
                0x00000000        0x4 common/built-in.o
 .text.blue_led_off
                0x00000000        0x4 common/built-in.o
 .text.arch_reserve_stacks
                0x00000000        0x8 common/built-in.o
 .text.fixup_cpu
                0x00000000        0x8 common/built-in.o
 .text.env_flags_parse_varaccess_from_binflags
                0x00000000       0x48 common/built-in.o
 .text.fdt_read_prop
                0x00000000       0xb0 common/built-in.o
 .text.fdt_fixup_display
                0x00000000      0x104 common/built-in.o
 .text.fdt_set_phandle
                0x00000000       0x74 common/built-in.o
 .text.fdt_getprop_u32_default_node
                0x00000000       0x54 common/built-in.o
[...]
Memory Configuration

Name             Origin             Length             Attributes
*default*        0x00000000         0xffffffff

Linker script and memory map

Address of section .text set to 0x0
                0x00000000                . = 0x0
                0x00000000                . = ALIGN (0x4)

.text           0x00000000    0x66590
 *(.__image_copy_start)
 .__image_copy_start
                0x00000000        0x0 arch/arm/lib/built-in.o
                0x00000000                __image_copy_start
 *(.vectors)
 .vectors       0x00000000      0x300 arch/arm/lib/built-in.o
                0x00000000                _start
                0x00000020                _undefined_instruction
                0x00000024                _software_interrupt
                0x00000028                _prefetch_abort
                0x0000002c                _data_abort
                0x00000030                _not_used
                0x00000034                _irq
                0x00000038                _fiq
                0x00000040                IRQ_STACK_START_IN
 arch/arm/cpu/arm920t/start.o(.text*)
 .text          0x00000300       0x90 arch/arm/cpu/arm920t/start.o
                0x00000300                reset
                0x00000348                c_runtime_cpu_setup
 *(.text*)
 .text.enable_caches
                0x00000390       0x10 arch/arm/cpu/arm920t/built-in.o
                0x00000390                enable_caches
 .text.cleanup_before_linux
                0x000003a0       0x20 arch/arm/cpu/arm920t/built-in.o
                0x000003a0                cleanup_before_linux
 .text.print_cpuinfo
                0x000003c0       0x7c arch/arm/cpu/arm920t/built-in.o
                0x000003c0                print_cpuinfo
 .text.get_PLLCLK
                0x0000043c       0x88 arch/arm/cpu/arm920t/built-in.o
 .text.get_FCLK
                0x000004c4        0x8 arch/arm/cpu/arm920t/built-in.o
                0x000004c4                get_FCLK
 .text.get_HCLK
                0x000004cc       0x9c arch/arm/cpu/arm920t/built-in.o
                0x000004cc                get_HCLK
 .text.get_PCLK
                0x00000568       0x2c arch/arm/cpu/arm920t/built-in.o
                0x00000568                get_PCLK
 .text.__udelay
                0x00000594       0xc8 arch/arm/cpu/arm920t/built-in.o
                0x00000594                __udelay
 .text.get_timer_masked
                0x0000065c       0x68 arch/arm/cpu/arm920t/built-in.o
                0x0000065c                get_timer_masked
 .text.get_timer
                0x000006c4       0x14 arch/arm/cpu/arm920t/built-in.o
                0x000006c4                get_timer
 .text.get_ticks
                0x000006d8       0x50 arch/arm/cpu/arm920t/built-in.o
                0x000006d8                get_ticks
 .text.get_tbclk
                0x00000728        0x8 arch/arm/cpu/arm920t/built-in.o
                0x00000728                get_tbclk
 .text.reset_cpu
                0x00000730       0x28 arch/arm/cpu/arm920t/built-in.o
                0x00000730                reset_cpu
 .text.timer_init
                0x00000758       0x9c arch/arm/cpu/arm920t/built-in.o
                0x00000758                timer_init
 .text.__led_init
                0x000007f4       0x40 arch/arm/cpu/arm920t/built-in.o
                0x000007f4                __led_init
 .text.__led_set
                0x00000834       0x40 arch/arm/cpu/arm920t/built-in.o
                0x00000834                __led_set
 .text          0x00000874       0x90 arch/arm/lib/built-in.o
                0x00000874                _main
 .text.relocate_vectors
                0x00000904       0x90 arch/arm/lib/built-in.o
                0x00000904                relocate_vectors
                0x0000092c                relocate_code
 .text.arch_fixup_fdt
                0x00000994       0x3c arch/arm/lib/built-in.o
                0x00000994                arch_fixup_fdt
 .text.setup_board_tags
                0x000009d0        0x4 arch/arm/lib/built-in.o
                0x000009d0                setup_board_tags
 .text.boot_jump_vxworks
                0x000009d4       0x18 arch/arm/lib/built-in.o
                0x000009d4                boot_jump_vxworks
 .text.boot_prep_vxworks
                0x000009ec       0x58 arch/arm/lib/built-in.o
                0x000009ec                boot_prep_vxworks
 .text.boot_prep_linux
                0x00000a44      0x1cc arch/arm/lib/built-in.o
 .text.boot_jump_linux
                0x00000c10       0xc0 arch/arm/lib/built-in.o
 .text.do_bootm_linux
                0x00000cd0       0x64 arch/arm/lib/built-in.o
                0x00000cd0                do_bootm_linux
 .text.arch_lmb_reserve
                0x00000d34       0x24 arch/arm/lib/built-in.o
                0x00000d34                arch_lmb_reserve
 .text.arch_reserve_stacks
                0x00000d58       0x10 arch/arm/lib/built-in.o
                0x00000d58                arch_reserve_stacks
 .text.interrupt_init
                0x00000d68       0x1c arch/arm/lib/built-in.o
                0x00000d68                interrupt_init
 .text.enable_interrupts
                0x00000d84        0x4 arch/arm/lib/built-in.o
                0x00000d84                enable_interrupts
 .text.disable_interrupts
                0x00000d88        0x8 arch/arm/lib/built-in.o
                0x00000d88                disable_interrupts
 .text.show_regs
                0x00000d90      0x174 arch/arm/lib/built-in.o
                0x00000d90                show_regs
 .text.bad_mode
                0x00000f04       0x10 arch/arm/lib/built-in.o
                0x00000f04                bad_mode
 .text.do_irq   0x00000f14       0x28 arch/arm/lib/built-in.o
                0x00000f14                do_irq
 .text.do_fiq   0x00000f3c       0x28 arch/arm/lib/built-in.o
                0x00000f3c                do_fiq
 .text.do_not_used
                0x00000f64       0x28 arch/arm/lib/built-in.o
                0x00000f64                do_not_used
 .text.do_data_abort
                0x00000f8c       0x28 arch/arm/lib/built-in.o
                0x00000f8c                do_data_abort
 .text.do_prefetch_abort
                0x00000fb4       0x28 arch/arm/lib/built-in.o
                0x00000fb4                do_prefetch_abort
 .text.do_software_interrupt
                0x00000fdc       0x28 arch/arm/lib/built-in.o
                0x00000fdc                do_software_interrupt
 .text.do_undefined_instruction
                0x00001004       0x28 arch/arm/lib/built-in.o
                0x00001004                do_undefined_instruction
 .text.reset_misc
                0x0000102c        0x4 arch/arm/lib/built-in.o
                0x0000102c                reset_misc
 .text.do_reset
                0x00001030       0x34 arch/arm/lib/built-in.o
                0x00001030                do_reset
 .text.flush_dcache_range
                0x00001064        0x4 arch/arm/lib/built-in.o
                0x00001064                flush_dcache_range
 .text.flush_cache
                0x00001068        0x8 arch/arm/lib/built-in.o
                0x00001068                flush_cache
 .text.flush_dcache_all
                0x00001070        0xc arch/arm/lib/built-in.o
                0x00001070                flush_dcache_all
 .text.arm_init_before_mmu
                0x0000107c        0x4 arch/arm/lib/built-in.o
                0x0000107c                arm_init_before_mmu
 .text.arm_init_domains
                0x00001080        0x4 arch/arm/lib/built-in.o
                0x00001080                arm_init_domains
 .text.dram_bank_mmu_setup
                0x00001084       0x54 arch/arm/lib/built-in.o
                0x00001084                dram_bank_mmu_setup
 .text.cache_enable
                0x000010d8       0xc8 arch/arm/lib/built-in.o
 .text.icache_enable
                0x000011a0        0x8 arch/arm/lib/built-in.o
                0x000011a0                icache_enable
 .text.dcache_enable
                0x000011a8        0x8 arch/arm/lib/built-in.o
                0x000011a8                dcache_enable
 .text.dcache_status
                0x000011b0       0x10 arch/arm/lib/built-in.o
                0x000011b0                dcache_status
 .text.cache_disable
                0x000011c0       0x80 arch/arm/lib/built-in.o
 .text.dcache_disable
                0x00001240        0x8 arch/arm/lib/built-in.o
                0x00001240                dcache_disable
 .text.icache_disable
                0x00001248        0x8 arch/arm/lib/built-in.o
                0x00001248                icache_disable
 .text          0x00001250       0x60 board/samsung/JZ2440/built-in.o
                0x00001250                lowlevel_init
 .text.lcd_ctrl_init
                0x000012b0       0xac board/samsung/JZ2440/built-in.o
                0x000012b0                lcd_ctrl_init
 .text.lcd_enable
                0x0000135c       0x3c board/samsung/JZ2440/built-in.o
                0x0000135c                lcd_enable
 .text.board_early_init_f
                0x00001398      0x13c board/samsung/JZ2440/built-in.o
                0x00001398                board_early_init_f
 .text.board_init
                0x000014d4       0x24 board/samsung/JZ2440/built-in.o
                0x000014d4                board_init
 .text.dram_init
                0x000014f8       0x10 board/samsung/JZ2440/built-in.o
                0x000014f8                dram_init
 .text.board_eth_init
                0x00001508        0x4 board/samsung/JZ2440/built-in.o
                0x00001508                board_eth_init
 .text.lcd_show_board_info
                0x0000150c       0x58 board/samsung/JZ2440/built-in.o
                0x0000150c                lcd_show_board_info
 .text.do_go_exec
                0x00001564       0x1c cmd/built-in.o
                0x00001564                do_go_exec
 .text.do_go    0x00001580       0x70 cmd/built-in.o
 .text.do_imls  0x000015f0       0xd8 cmd/built-in.o
 .text.image_info
                0x000016c8       0xe4 cmd/built-in.o
 .text.do_iminfo
                0x000017ac       0x60 cmd/built-in.o
 .text.do_bootd
                0x0000180c       0x20 cmd/built-in.o
                0x0000180c                do_bootd
 .text.do_bootm
                0x0000182c      0x104 cmd/built-in.o
                0x0000182c                do_bootm
 .text.bootm_maybe_autostart
                0x00001930       0x74 cmd/built-in.o
                0x00001930                bootm_maybe_autostart
 .text.do_help  0x000019a4       0x48 cmd/built-in.o
 .text.do_version
                0x000019ec       0x38 cmd/built-in.o
 .text.source   0x00001a24      0x108 cmd/built-in.o
                0x00001a24                source
 .text.do_source
                0x00001b2c       0x44 cmd/built-in.o
 .text.bootefi_open_dp
                0x00001b70       0x14 cmd/built-in.o
 .text.do_bootefi_exec
                0x00001b84      0x2d8 cmd/built-in.o
 .text.do_bootefi
                0x00001e5c       0x88 cmd/built-in.o
 .text.efi_set_bootdev
                0x00001ee4      0x118 cmd/built-in.o
                0x00001ee4                efi_set_bootdev
 .text.mk_date  0x00001ffc      0x288 cmd/built-in.o
                0x00001ffc                mk_date
 .text.do_date  0x00002284      0x140 cmd/built-in.o
 .text.do_echo  0x000023c4       0xb4 cmd/built-in.o
 .text.valid_elf_image
                0x00002478       0x54 cmd/built-in.o
                0x00002478                valid_elf_image
 .text.load_elf_image_shdr
                0x000024cc       0x98 cmd/built-in.o
 .text.do_bootvx
                0x00002564      0x34c cmd/built-in.o
                0x00002564                do_bootvx
 .text.do_bootelf
                0x000028b0      0x194 cmd/built-in.o
                0x000028b0                do_bootelf
 .text.do_exit  0x00002a44       0x30 cmd/built-in.o
 .text.is_printable_string
                0x00002a74       0x94 cmd/built-in.o
 .text.fdt_valid
                0x00002b08       0xf8 cmd/built-in.o
 .text.print_data
                0x00002c00      0x184 cmd/built-in.o
 .text.set_working_fdt_addr
                0x00002d84       0x20 cmd/built-in.o
                0x00002d84                set_working_fdt_addr
 .text.do_fdt   0x00002da4     0x1094 cmd/built-in.o
 .text.flash_sect_roundb
                0x00003e38       0xe4 cmd/built-in.o
                0x00003e38                flash_sect_roundb
 .text.flash_fill_sect_ranges
                0x00003f1c      0x214 cmd/built-in.o
 .text.addr_spec
                0x00004130       0xc4 cmd/built-in.o
 .text.abbrev_spec
                0x000041f4      0x160 cmd/built-in.o
 .text.do_flinfo
                0x00004354       0xc4 cmd/built-in.o
 .text.flash_sect_protect
                0x00004418      0x14c cmd/built-in.o
                0x00004418                flash_sect_protect
 .text.do_protect
                0x00004564      0x3c4 cmd/built-in.o
 .text.flash_sect_erase
                0x00004928      0x12c cmd/built-in.o
                0x00004928                flash_sect_erase
 .text.do_flerase
                0x00004a54      0x2ac cmd/built-in.o
 .text.evalexp  0x00004d00       0x68 cmd/built-in.o
 .text.evalstr  0x00004d68       0x68 cmd/built-in.o
 .text.binary_test
                0x00004dd0      0x1c0 cmd/built-in.o
 .text.do_itest
                0x00004f90       0x94 cmd/built-in.o
 .text.bin_data_init
                0x00005024       0x2c cmd/built-in.o
 .text.bin_data_char
                0x00005050       0x28 cmd/built-in.o
 .text.load_serial_ymodem
                0x00005078      0x118 cmd/built-in.o
 .text.getcxmodem
                0x00005190       0x20 cmd/built-in.o
 .text.load_serial
                0x000051b0      0x22c cmd/built-in.o
 .text.do_load_serial
                0x000053dc       0xdc cmd/built-in.o
 .text.T.150    0x000054b8       0x58 cmd/built-in.o
 .text.do_load_serial_bin
                0x00005510      0x904 cmd/built-in.o
 .text.do_mem_loop
                0x00005e14       0xf4 cmd/built-in.o
 .text.do_mem_mw
                0x00005f08       0xb4 cmd/built-in.o
 .text.do_mem_base
                0x00005fbc       0x44 cmd/built-in.o
 .text.do_mem_cmp
                0x00006000      0x160 cmd/built-in.o
 .text.do_mem_crc
                0x00006160       0x3c cmd/built-in.o
 .text.do_mem_cp
                0x0000619c      0x11c cmd/built-in.o
 .text.mod_mem  0x000062b8      0x17c cmd/built-in.o
 .text.do_mem_nm
                0x00006434       0x20 cmd/built-in.o
 .text.do_mem_mm
                0x00006454       0x20 cmd/built-in.o
 .text.do_mem_md
                0x00006474       0xe0 cmd/built-in.o
 .text.mtd_part_info
                0x00006554       0x94 cmd/built-in.o
 .text.memsize_format
                0x000065e8       0xac cmd/built-in.o
 .text.index_partitions
                0x00006694       0xb8 cmd/built-in.o
 .text.current_save
                0x0000674c       0xbc cmd/built-in.o
 .text.part_sort_add
                0x00006808      0x164 cmd/built-in.o
 .text.part_delall
                0x0000696c       0x4c cmd/built-in.o
 .text.device_del
                0x000069b8       0x80 cmd/built-in.o
 .text.memsize_parse
                0x00006a38       0x7c cmd/built-in.o
 .text.get_mtd_info
                0x00006ab4       0x88 cmd/built-in.o
 .text.part_validate
                0x00006b3c      0x38c cmd/built-in.o
 .text.device_parse
                0x00006ec8      0x5c4 cmd/built-in.o
 .text.getenv_mtdparts
                0x0000748c       0x44 cmd/built-in.o
 .text.mtd_id_parse
                0x000074d0      0x10c cmd/built-in.o
                0x000074d0                mtd_id_parse
 .text.find_dev_and_part
                0x000075dc      0x1f0 cmd/built-in.o
                0x000075dc                find_dev_and_part
 .text.T.268    0x000077cc       0x64 cmd/built-in.o
 .text.mtd_devices_init
                0x00007830       0x2c cmd/built-in.o
 .text.mtdparts_init
                0x0000785c      0x69c cmd/built-in.o
                0x0000785c                mtdparts_init
 .text.do_chpart
                0x00007ef8       0xd0 cmd/built-in.o
 .text.T.267    0x00007fc8      0x30c cmd/built-in.o
 .text.do_mtdparts
                0x000082d4      0x640 cmd/built-in.o
 .text.print_status
                0x00008914       0x7c cmd/built-in.o
 .text.set_dev  0x00008990       0x74 cmd/built-in.o
 .text.nand_load_image
                0x00008a04      0x1e4 cmd/built-in.o
 .text.do_nandboot
                0x00008be8      0x240 cmd/built-in.o
 .text.nand_print_and_set_info
                0x00008e28       0xe0 cmd/built-in.o
 .text.do_nand  0x00008f08      0xf88 cmd/built-in.o
 .text.do_ping  0x00009e90       0x74 cmd/built-in.o
 .text.netboot_common
                0x00009f04      0x2a8 cmd/built-in.o
 .text.do_nfs   0x0000a1ac        0xc cmd/built-in.o
 .text.do_dhcp  0x0000a1b8        0xc cmd/built-in.o
 .text.do_bootp
                0x0000a1c4        0xc cmd/built-in.o
 .text.do_tftpb
                0x0000a1d0       0x40 cmd/built-in.o
                0x0000a1d0                do_tftpb
 .text.do_reginfo
                0x0000a210        0x8 cmd/built-in.o
 .text.do_false
                0x0000a218        0x8 cmd/built-in.o
 .text.do_true  0x0000a220        0x8 cmd/built-in.o
 .text.do_test  0x0000a228      0x34c cmd/built-in.o
 .text.ubi_find_volume
                0x0000a574       0x68 cmd/built-in.o
 .text.ubi_volume_continue_write
                0x0000a5dc       0x94 cmd/built-in.o
 .text.ubi_detach
                0x0000a670       0x70 cmd/built-in.o
                0x0000a670                ubi_detach
 .text.ubi_volume_read
                0x0000a6e0      0x1f0 cmd/built-in.o
                0x0000a6e0                ubi_volume_read
 .text.ubi_volume_begin_write
                0x0000a8d0       0x9c cmd/built-in.o
                0x0000a8d0                ubi_volume_begin_write
 .text.ubi_volume_write
                0x0000a96c        0x8 cmd/built-in.o
                0x0000a96c                ubi_volume_write
 .text.ubi_part
                0x0000a974      0x210 cmd/built-in.o
                0x0000a974                ubi_part
 .text.do_ubi   0x0000ab84      0x8b0 cmd/built-in.o
 .text.ubifs_is_mounted
                0x0000b434       0x10 cmd/built-in.o
                0x0000b434                ubifs_is_mounted
 .text.do_ubifs_load
                0x0000b444       0xc8 cmd/built-in.o
 .text.do_ubifs_ls
                0x0000b50c       0x64 cmd/built-in.o
 .text.do_ubifs_mount
                0x0000b570       0x5c cmd/built-in.o
 .text.cmd_ubifs_umount
                0x0000b5cc       0x28 cmd/built-in.o
                0x0000b5cc                cmd_ubifs_umount
 .text.do_ubifs_umount
                0x0000b5f4       0x40 cmd/built-in.o
 .text.usb_get_class_desc
                0x0000b634       0xa0 cmd/built-in.o
 .text.usb_display_class_sub
                0x0000b6d4      0x17c cmd/built-in.o
 .text.do_usb_start
                0x0000b850       0x20 cmd/built-in.o
 .text.do_usb_stop_keyboard
                0x0000b870       0x24 cmd/built-in.o
 .text.usb_display_desc
                0x0000b894      0x130 cmd/built-in.o
 .text.usb_show_tree_graph
                0x0000b9c4      0x224 cmd/built-in.o
 .text.usb_display_string
                0x0000bbe8       0x44 cmd/built-in.o
 .text.usb_display_config
                0x0000bc2c      0x228 cmd/built-in.o
 .text.usb_show_tree
                0x0000be54       0x58 cmd/built-in.o
                0x0000be54                usb_show_tree
 .text.do_usb   0x0000beac      0x438 cmd/built-in.o
 .text.do_imgextract
                0x0000c2e4      0x324 cmd/built-in.o
 .text.do_ymv   0x0000c608       0x34 cmd/built-in.o
                0x0000c608                do_ymv
 .text.do_yrm   0x0000c63c       0x30 cmd/built-in.o
                0x0000c63c                do_yrm
 .text.do_yrmdir
                0x0000c66c       0x30 cmd/built-in.o
                0x0000c66c                do_yrmdir
 .text.do_ymkdir
                0x0000c69c       0x30 cmd/built-in.o
                0x0000c69c                do_ymkdir
 .text.do_ywrm  0x0000c6cc       0x64 cmd/built-in.o
                0x0000c6cc                do_ywrm
 .text.do_yrdm  0x0000c730       0x48 cmd/built-in.o
                0x0000c730                do_yrdm
 .text.do_ywr   0x0000c778       0x8c cmd/built-in.o
                0x0000c778                do_ywr
 .text.do_yrd   0x0000c804       0x50 cmd/built-in.o
                0x0000c804                do_yrd
 .text.do_yls   0x0000c854       0x6c cmd/built-in.o
                0x0000c854                do_yls
 .text.do_yumount
                0x0000c8c0       0x44 cmd/built-in.o
                0x0000c8c0                do_yumount
 .text.do_ymount
                0x0000c904       0x44 cmd/built-in.o
                0x0000c904                do_ymount
 .text.do_ydevconfig
                0x0000c948       0x7c cmd/built-in.o
                0x0000c948                do_ydevconfig
 .text.do_ydevls
                0x0000c9c4       0x10 cmd/built-in.o
                0x0000c9c4                do_ydevls
 .text.do_ytrace
                0x0000c9d4       0x38 cmd/built-in.o
                0x0000c9d4                do_ytrace
 .text.get_env_id
                0x0000ca0c       0x10 cmd/built-in.o
                0x0000ca0c                get_env_id
 .text.do_env_delete
                0x0000ca1c       0xa0 cmd/built-in.o
 .text.do_env_exists
                0x0000cabc       0x60 cmd/built-in.o
 .text._do_env_set
                0x0000cb1c      0x1cc cmd/built-in.o
 .text.do_env_set
                0x0000cce8       0x24 cmd/built-in.o
 .text.setenv   0x0000cd0c       0x68 cmd/built-in.o
                0x0000cd0c                setenv
 .text.env_print
                0x0000cd74       0xd0 cmd/built-in.o
 .text.do_env_print
                0x0000ce44       0xd0 cmd/built-in.o
 .text.do_env   0x0000cf14       0x5c cmd/built-in.o
 .text.do_env_import
                0x0000cf70      0x280 cmd/built-in.o
 .text.setenv_hex
                0x0000d1f0       0x38 cmd/built-in.o
                0x0000d1f0                setenv_hex
 .text.do_env_export
                0x0000d228      0x268 cmd/built-in.o
 .text.do_env_default
                0x0000d490       0xa8 cmd/built-in.o
 .text.do_env_save
                0x0000d538       0x2c cmd/built-in.o
 .text.envmatch
                0x0000d564       0x64 cmd/built-in.o
                0x0000d564                envmatch
 .text.getenv_f
                0x0000d5c8       0xc0 cmd/built-in.o
                0x0000d5c8                getenv_f
 .text.getenv   0x0000d688       0x80 cmd/built-in.o
                0x0000d688                getenv
 .text.do_env_edit
                0x0000d708       0xd4 cmd/built-in.o
 .text.getenv_ulong
                0x0000d7dc       0x30 cmd/built-in.o
                0x0000d7dc                getenv_ulong
 .text.getenv_hex
                0x0000d80c       0x34 cmd/built-in.o
                0x0000d80c                getenv_hex
 .text.setenv_ulong
                0x0000d840       0x20 cmd/built-in.o
                0x0000d840                setenv_ulong
 .text.board_init_f_alloc_reserve
                0x0000d860        0xc common/built-in.o
                0x0000d860                board_init_f_alloc_reserve
 .text.show_boot_progress
                0x0000d86c        0x8 common/built-in.o
                0x0000d86c                show_boot_progress
 .text.board_init_f_init_reserve
                0x0000d874        0xc common/built-in.o
                0x0000d874                board_init_f_init_reserve
 .text.main_loop
                0x0000d880       0x28 common/built-in.o
                0x0000d880                main_loop
 .text.dummy    0x0000d8a8        0x4 common/built-in.o
 .text.get_version
                0x0000d8ac        0x8 common/built-in.o
                0x0000d8ac                get_version
 .text.jumptable_init
                0x0000d8b4      0x23c common/built-in.o
                0x0000d8b4                jumptable_init
 .text.hash_command
                0x0000daf0       0xb4 common/built-in.o
                0x0000daf0                hash_command
 .text.static_get
                0x0000dba4       0x1c common/built-in.o
 .text.static_peek
                0x0000dbc0        0xc common/built-in.o
 .text.file_peek
                0x0000dbcc        0xc common/built-in.o
 .text.do_showvar
                0x0000dbd8       0xec common/built-in.o
 .text.u_boot_hush_start
                0x0000dcc4       0x50 common/built-in.o
                0x0000dcc4                u_boot_hush_start
 .text.xmalloc  0x0000dd14       0x20 common/built-in.o
 .text.file_get
                0x0000dd34      0x1f4 common/built-in.o
 .text.free_pipe_list
                0x0000df28       0xec common/built-in.o
 .text.xrealloc
                0x0000e014       0x20 common/built-in.o
 .text.done_command
                0x0000e034       0x8c common/built-in.o
 .text.initialize_context
                0x0000e0c0       0x50 common/built-in.o
 .text.done_pipe
                0x0000e110       0x60 common/built-in.o
 .text.b_addchr
                0x0000e170       0x70 common/built-in.o
 .text.done_word
                0x0000e1e0      0x30c common/built-in.o
 .text.b_addqchr
                0x0000e4ec       0x4c common/built-in.o
 .text.get_local_var
                0x0000e538       0x98 common/built-in.o
                0x0000e538                get_local_var
 .text.set_local_var
                0x0000e5d0      0x1bc common/built-in.o
                0x0000e5d0                set_local_var
 .text.insert_var_value_sub
                0x0000e78c      0x2c4 common/built-in.o
 .text.run_list_real
                0x0000ea50      0x844 common/built-in.o
 .text.parse_stream_outer
                0x0000f294      0x79c common/built-in.o
 .text.parse_file_outer
                0x0000fa30       0x44 common/built-in.o
                0x0000fa30                parse_file_outer
 .text.parse_string_outer
                0x0000fa74       0xf0 common/built-in.o
                0x0000fa74                parse_string_outer
 .text.autoboot_command
                0x0000fb64       0xfc common/built-in.o
                0x0000fb64                autoboot_command
 .text.bootdelay_process
                0x0000fc60       0x50 common/built-in.o
                0x0000fc60                bootdelay_process
 .text.bootretry_tstc_timeout
                0x0000fcb0       0x60 common/built-in.o
                0x0000fcb0                bootretry_tstc_timeout
 .text.bootretry_reset_cmd_timeout
                0x0000fd10       0x44 common/built-in.o
                0x0000fd10                bootretry_reset_cmd_timeout
 .text.bootretry_init_cmd_timeout
                0x0000fd54       0x3c common/built-in.o
                0x0000fd54                bootretry_init_cmd_timeout
 .text.coloured_LED_init
                0x0000fd90        0x4 common/built-in.o
                0x0000fd90                coloured_LED_init
 .text.red_led_on
                0x0000fd94        0x4 common/built-in.o
                0x0000fd94                red_led_on
 .text.board_add_ram_info
                0x0000fd98        0x4 common/built-in.o
                0x0000fd98                board_add_ram_info
 .text.display_text_info
                0x0000fd9c        0x8 common/built-in.o
 .text.setup_mon_len
                0x0000fda4       0x20 common/built-in.o
 .text.arch_cpu_init
                0x0000fdc4        0x8 common/built-in.o
                0x0000fdc4                arch_cpu_init
 .text.board_get_usable_ram_top
                0x0000fdcc       0x14 common/built-in.o
                0x0000fdcc                board_get_usable_ram_top
 .text.board_reserve_ram_top
                0x0000fde0        0x4 common/built-in.o
                0x0000fde0                board_reserve_ram_top
 .text.reserve_round_4k
                0x0000fde4       0x18 common/built-in.o
 .text.reserve_mmu
                0x0000fdfc       0x38 common/built-in.o
 .text.reserve_trace
                0x0000fe34        0x8 common/built-in.o
 .text.reserve_uboot
                0x0000fe3c       0x30 common/built-in.o
 .text.reserve_malloc
                0x0000fe6c       0x14 common/built-in.o
 .text.setup_machine
                0x0000fe80        0x8 common/built-in.o
 .text.reserve_global_data
                0x0000fe88       0x1c common/built-in.o
 .text.reserve_fdt
                0x0000fea4       0x60 common/built-in.o
 .text.reserve_stacks
                0x0000ff04       0x1c common/built-in.o
 .text.display_new_sp
                0x0000ff20        0x8 common/built-in.o
 .text.initf_console_record
                0x0000ff28        0x8 common/built-in.o
 .text.initf_dm
                0x0000ff30        0x8 common/built-in.o
 .text.reserve_arch
                0x0000ff38        0x8 common/built-in.o
                0x0000ff38                reserve_arch
 .text.arch_cpu_init_dm
                0x0000ff40        0x8 common/built-in.o
                0x0000ff40                arch_cpu_init_dm
 .text.board_init_f
                0x0000ff48       0x28 common/built-in.o
                0x0000ff48                board_init_f
 .text.setup_reloc
                0x0000ff70       0x30 common/built-in.o
 .text.reloc_fdt
                0x0000ffa0       0x3c common/built-in.o
 .text.show_dram_config
                0x0000ffdc       0x38 common/built-in.o
 .text.reserve_board
                0x00010014       0x38 common/built-in.o
 .text.reserve_lcd
                0x0001004c       0x24 common/built-in.o
 .text.setup_dest_addr
                0x00010070       0x50 common/built-in.o
 .text.dram_init_banksize
                0x000100c0       0x20 common/built-in.o
                0x000100c0                dram_init_banksize
 .text.setup_dram_config
                0x000100e0       0x10 common/built-in.o
 .text.announce_dram_init
                0x000100f0       0x18 common/built-in.o
 .text.init_baud_rate
                0x00010108       0x2c common/built-in.o
 .text.mark_bootstage
                0x00010134       0x14 common/built-in.o
 .text.bootstage_relocate
                0x00010148        0x8 common/built-in.o
 .text.board_flash_wp_on
                0x00010150        0x8 common/built-in.o
                0x00010150                board_flash_wp_on
 .text.cpu_secondary_init_r
                0x00010158        0x4 common/built-in.o
                0x00010158                cpu_secondary_init_r
 .text.initr_secondary_cpu
                0x0001015c       0x10 common/built-in.o
 .text.initr_trace
                0x0001016c        0x8 common/built-in.o
 .text.initr_reloc
                0x00010174       0x18 common/built-in.o
 .text.initr_barrier
                0x0001018c        0x8 common/built-in.o
 .text.initr_console_record
                0x00010194        0x8 common/built-in.o
 .text.power_init_board
                0x0001019c        0x8 common/built-in.o
                0x0001019c                power_init_board
 .text.initr_announce
                0x000101a4        0x8 common/built-in.o
 .text.run_main_loop
                0x000101ac        0xc common/built-in.o
 .text.initr_net
                0x000101b8       0x1c common/built-in.o
 .text.initr_ethaddr
                0x000101d4       0x20 common/built-in.o
 .text.initr_status_led
                0x000101f4       0x18 common/built-in.o
 .text.initr_enable_interrupts
                0x0001020c       0x10 common/built-in.o
 .text.initr_jumptable
                0x0001021c       0x10 common/built-in.o
 .text.initr_env
                0x0001022c       0x30 common/built-in.o
 .text.initr_nand
                0x0001025c       0x1c common/built-in.o
 .text.initr_flash
                0x00010278       0x7c common/built-in.o
 .text.initr_serial
                0x000102f4       0x10 common/built-in.o
 .text.initr_bootstage
                0x00010304       0x14 common/built-in.o
 .text.initr_dm
                0x00010318       0x14 common/built-in.o
 .text.initr_malloc
                0x0001032c       0x1c common/built-in.o
 .text.initr_reloc_global_data
                0x00010348       0x38 common/built-in.o
 .text.initr_caches
                0x00010380       0x10 common/built-in.o
 .text.board_init_r
                0x00010390       0x10 common/built-in.o
                0x00010390                board_init_r
 .text.bootm_disable_interrupts
                0x000103a0       0x18 common/built-in.o
                0x000103a0                bootm_disable_interrupts
 .text.bootm_decomp_image
                0x000103b8      0x1e0 common/built-in.o
                0x000103b8                bootm_decomp_image
 .text.bootm_find_images
                0x00010598       0xa8 common/built-in.o
                0x00010598                bootm_find_images
 .text.do_bootm_states
                0x00010640      0x790 common/built-in.o
                0x00010640                do_bootm_states
 .text.arch_preboot_os
                0x00010dd0        0x4 common/built-in.o
                0x00010dd0                arch_preboot_os
 .text.bootm_os_get_boot_func
                0x00010dd4       0x10 common/built-in.o
                0x00010dd4                bootm_os_get_boot_func
 .text.copy_args
                0x00010de4       0x54 common/built-in.o
 .text.do_bootm_plan9
                0x00010e38       0xa0 common/built-in.o
 .text.do_bootm_rtems
                0x00010ed8       0x40 common/built-in.o
 .text.boot_selected_os
                0x00010f18       0x54 common/built-in.o
                0x00010f18                boot_selected_os
 .text.do_bootm_standalone
                0x00010f6c       0x64 common/built-in.o
 .text.do_bootm_qnxelf
                0x00010fd0       0x5c common/built-in.o
 .text.do_bootm_netbsd
                0x0001102c       0xf4 common/built-in.o
 .text.do_bootvx_fdt
                0x00011120      0x110 common/built-in.o
                0x00011120                do_bootvx_fdt
 .text.do_bootm_vxworks
                0x00011230       0x20 common/built-in.o
 .text.regex_callback
                0x00011250      0x134 common/built-in.o
 .text.env_attr_walk
                0x00011384      0x118 common/built-in.o
                0x00011384                env_attr_walk
 .text.env_attr_lookup
                0x0001149c       0x84 common/built-in.o
                0x0001149c                env_attr_lookup
 .text.clear_callback
                0x00011520       0x10 common/built-in.o
 .text.on_callbacks
                0x00011530       0x50 common/built-in.o
 .text.find_env_callback
                0x00011580       0x5c common/built-in.o
 .text.set_callback
                0x000115dc       0x98 common/built-in.o
 .text.env_callback_init
                0x00011674       0xc8 common/built-in.o
                0x00011674                env_callback_init
 .text.skip_num
                0x0001173c       0x78 common/built-in.o
 .text.eth_validate_ethaddr_str
                0x000117b4       0x94 common/built-in.o
                0x000117b4                eth_validate_ethaddr_str
 .text.clear_flags
                0x00011848       0x10 common/built-in.o
 .text.on_flags
                0x00011858       0x50 common/built-in.o
 .text.env_flags_validate
                0x000118a8      0x2b8 common/built-in.o
                0x000118a8                env_flags_validate
 .text.env_flags_parse_varaccess
                0x00011b60       0x50 common/built-in.o
                0x00011b60                env_flags_parse_varaccess
 .text.env_flags_parse_vartype
                0x00011bb0       0x4c common/built-in.o
                0x00011bb0                env_flags_parse_vartype
 .text.env_parse_flags_to_bin
                0x00011bfc       0x2c common/built-in.o
 .text.set_flags
                0x00011c28       0x94 common/built-in.o
 .text.env_flags_init
                0x00011cbc       0xbc common/built-in.o
                0x00011cbc                env_flags_init
 .text.env_relocate_spec
                0x00011d78        0xc common/built-in.o
                0x00011d78                env_relocate_spec
 .text.saveenv  0x00011d84       0xb8 common/built-in.o
                0x00011d84                saveenv
 .text.env_init
                0x00011e3c       0x64 common/built-in.o
                0x00011e3c                env_init
 .text.of_bus_default_map
                0x00011ea0      0x17c common/built-in.o
 .text.of_bus_default_count_cells
                0x0001201c       0x6c common/built-in.o
                0x0001201c                of_bus_default_count_cells
 .text.of_bus_default_translate
                0x00012088       0xcc common/built-in.o
 .text.fdt_shrink_to_minimum
                0x00012154      0x118 common/built-in.o
                0x00012154                fdt_shrink_to_minimum
 .text.fdt_root
                0x0001226c       0x8c common/built-in.o
                0x0001226c                fdt_root
 .text.fdt_find_and_setprop
                0x000122f8       0x88 common/built-in.o
                0x000122f8                fdt_find_and_setprop
 .text.do_fixup_by_path
                0x00012380       0x54 common/built-in.o
                0x00012380                do_fixup_by_path
 .text.fdt_fixup_ethernet
                0x000123d4      0x1b8 common/built-in.o
                0x000123d4                fdt_fixup_ethernet
 .text.fdt_find_or_add_subnode
                0x0001258c       0x68 common/built-in.o
                0x0001258c                fdt_find_or_add_subnode
 .text.fdt_fixup_memory_banks
                0x000125f4      0x23c common/built-in.o
                0x000125f4                fdt_fixup_memory_banks
 .text.fdt_fixup_memory
                0x00012830       0x20 common/built-in.o
                0x00012830                fdt_fixup_memory
 .text.fdt_chosen
                0x00012850       0xa4 common/built-in.o
                0x00012850                fdt_chosen
 .text.fdt_initrd
                0x000128f4      0x248 common/built-in.o
                0x000128f4                fdt_initrd
 .text.fdt_translate_address
                0x00012b3c      0x304 common/built-in.o
                0x00012b3c                fdt_translate_address
 .text.usb_maxpacket
                0x00012e40       0x24 common/built-in.o
                0x00012e40                usb_maxpacket
 .text.usb_set_maxpacket_ep
                0x00012e64       0x70 common/built-in.o
 .text.usb_get_dev_index
                0x00012ed4       0x24 common/built-in.o
                0x00012ed4                usb_get_dev_index
 .text.usb_alloc_device
                0x00012ef8        0x8 common/built-in.o
                0x00012ef8                usb_alloc_device
 .text.usb_device_has_child_on_port
                0x00012f00       0x14 common/built-in.o
                0x00012f00                usb_device_has_child_on_port
 .text.usb_alloc_new_device
                0x00012f14       0xa8 common/built-in.o
                0x00012f14                usb_alloc_new_device
 .text.usb_free_device
                0x00012fbc       0x48 common/built-in.o
                0x00012fbc                usb_free_device
 .text.usb_control_msg
                0x00013004       0xf4 common/built-in.o
                0x00013004                usb_control_msg
 .text.usb_get_descriptor
                0x000130f8       0x64 common/built-in.o
 .text.get_descriptor_len
                0x0001315c       0x94 common/built-in.o
 .text.usb_get_configuration_no
                0x000131f0       0x2c common/built-in.o
                0x000131f0                usb_get_configuration_no
 .text.usb_get_configuration_len
                0x0001321c       0x7c common/built-in.o
                0x0001321c                usb_get_configuration_len
 .text.usb_get_string
                0x00013298       0x74 common/built-in.o
 .text.usb_string_sub
                0x0001330c      0x100 common/built-in.o
 .text.usb_string
                0x0001340c      0x10c common/built-in.o
                0x0001340c                usb_string
 .text.usb_set_idle
                0x00013518       0x5c common/built-in.o
                0x00013518                usb_set_idle
 .text.usb_set_protocol
                0x00013574       0x58 common/built-in.o
                0x00013574                usb_set_protocol
 .text.usb_submit_int_msg
                0x000135cc        0x4 common/built-in.o
                0x000135cc                usb_submit_int_msg
 .text.usb_stop
                0x000135d0       0x58 common/built-in.o
                0x000135d0                usb_stop
 .text.usb_select_config
                0x00013628      0x498 common/built-in.o
                0x00013628                usb_select_config
 .text.usb_setup_device
                0x00013ac0      0x174 common/built-in.o
                0x00013ac0                usb_setup_device
 .text.usb_new_device
                0x00013c34       0x30 common/built-in.o
                0x00013c34                usb_new_device
 .text.usb_init
                0x00013c64      0x13c common/built-in.o
                0x00013c64                usb_init
 .text.usb_hub_reset_devices
                0x00013da0        0x4 common/built-in.o
                0x00013da0                usb_hub_reset_devices
 .text.usb_hub_reset
                0x00013da4       0x24 common/built-in.o
                0x00013da4                usb_hub_reset
 .text.usb_set_port_feature
                0x00013dc8       0x58 common/built-in.o
 .text.usb_clear_port_feature
                0x00013e20       0x58 common/built-in.o
 .text.usb_get_port_status
                0x00013e78       0x54 common/built-in.o
                0x00013e78                usb_get_port_status
 .text.legacy_hub_port_reset
                0x00013ecc       0xac common/built-in.o
                0x00013ecc                legacy_hub_port_reset
 .text.usb_hub_port_connect_change
                0x00013f78      0x15c common/built-in.o
                0x00013f78                usb_hub_port_connect_change
 .text.usb_hub_configure
                0x000140d4      0x534 common/built-in.o
 .text.usb_hub_probe
                0x00014608       0x5c common/built-in.o
                0x00014608                usb_hub_probe
 .text.flash_protect
                0x00014664       0xfc common/built-in.o
                0x00014664                flash_protect
 .text.addr2info
                0x00014760       0x70 common/built-in.o
                0x00014760                addr2info
 .text.flash_perror
                0x000147d0       0xd8 common/built-in.o
                0x000147d0                flash_perror
 .text.flash_write
                0x000148a8      0x208 common/built-in.o
                0x000148a8                flash_write
 .text.lcd_get_size
                0x00014ab0       0x34 common/built-in.o
                0x00014ab0                lcd_get_size
 .text.lcd_setmem
                0x00014ae4       0x30 common/built-in.o
                0x00014ae4                lcd_setmem
 .text.lcd_getfgcolor
                0x00014b14       0x10 common/built-in.o
                0x00014b14                lcd_getfgcolor
 .text.lcd_getbgcolor
                0x00014b24       0x10 common/built-in.o
                0x00014b24                lcd_getbgcolor
 .text.lcd_stub_puts
                0x00014b34        0x8 common/built-in.o
 .text.lcd_stub_putc
                0x00014b3c        0x8 common/built-in.o
 .text.lcd_sync
                0x00014b44       0x3c common/built-in.o
                0x00014b44                lcd_sync
 .text.lcd_clear
                0x00014b80       0xec common/built-in.o
                0x00014b80                lcd_clear
 .text.do_lcd_clear
                0x00014c6c       0x10 common/built-in.o
 .text.drv_lcd_init
                0x00014c7c       0xcc common/built-in.o
                0x00014c7c                drv_lcd_init
 .text.lcd_set_col
                0x00014d48       0x10 common/built-in.o
                0x00014d48                lcd_set_col
 .text.lcd_set_row
                0x00014d58       0x10 common/built-in.o
                0x00014d58                lcd_set_row
 .text.console_setrow0
                0x00014d68       0x30 common/built-in.o
 .text.console_moverow0
                0x00014d98       0x44 common/built-in.o
 .text.console_calc_rowcol
                0x00014ddc       0x14 common/built-in.o
                0x00014ddc                console_calc_rowcol
 .text.lcd_init_console_rot
                0x00014df0        0x4 common/built-in.o
                0x00014df0                lcd_init_console_rot
 .text.do_lcd_setcursor
                0x00014df4       0x94 common/built-in.o
 .text.lcd_putc
                0x00014e88      0x2c0 common/built-in.o
                0x00014e88                lcd_putc
 .text.lcd_puts
                0x00015148       0x44 common/built-in.o
                0x00015148                lcd_puts
 .text.do_lcd_puts
                0x0001518c       0x20 common/built-in.o
 .text.lcd_printf
                0x000151ac       0x40 common/built-in.o
                0x000151ac                lcd_printf
 .text.lcd_init_console
                0x000151ec       0x7c common/built-in.o
                0x000151ec                lcd_init_console
 .text.lcd_putc_xy0
                0x00015268       0x90 common/built-in.o
 .text.usb_kbd_translate
                0x000152f8      0x164 common/built-in.o
 .text.usb_kbd_deregister
                0x0001545c        0x8 common/built-in.o
                0x0001545c                usb_kbd_deregister
 .text.usb_kbd_service_key
                0x00015464       0x70 common/built-in.o
 .text.usb_kbd_irq
                0x000154d4      0x144 common/built-in.o
 .text.usb_kbd_testc
                0x00015618       0x6c common/built-in.o
 .text.usb_kbd_getc
                0x00015684       0x4c common/built-in.o
 .text.drv_usb_kbd_init
                0x000156d0      0x234 common/built-in.o
                0x000156d0                drv_usb_kbd_init
 .text.env_get_char_spec
                0x00015904        0xc common/built-in.o
                0x00015904                env_get_char_spec
 .text.env_get_char
                0x00015910       0x4c common/built-in.o
                0x00015910                env_get_char
 .text.env_export
                0x0001595c       0xa4 common/built-in.o
                0x0001595c                env_export
 .text.set_default_vars
                0x00015a00       0x40 common/built-in.o
                0x00015a00                set_default_vars
 .text.set_default_env
                0x00015a40       0xd0 common/built-in.o
                0x00015a40                set_default_env
 .text.env_relocate
                0x00015b10       0x30 common/built-in.o
                0x00015b10                env_relocate
 .text.env_import
                0x00015b40       0xe4 common/built-in.o
                0x00015b40                env_import
 .text.getenv_default
                0x00015c24       0x30 common/built-in.o
                0x00015c24                getenv_default
 .text.getenv_yesno
                0x00015c54       0x4c common/built-in.o
                0x00015c54                getenv_yesno
 .text.console_setfile
                0x00015ca0       0xbc common/built-in.o
 .text.fgetc    0x00015d5c       0x2c common/built-in.o
                0x00015d5c                fgetc
 .text.ftstc    0x00015d88       0x2c common/built-in.o
                0x00015d88                ftstc
 .text.fputc    0x00015db4       0x28 common/built-in.o
                0x00015db4                fputc
 .text.fputs    0x00015ddc       0x28 common/built-in.o
                0x00015ddc                fputs
 .text.had_ctrlc
                0x00015e04       0x10 common/built-in.o
                0x00015e04                had_ctrlc
 .text.clear_ctrlc
                0x00015e14       0x14 common/built-in.o
                0x00015e14                clear_ctrlc
 .text.console_init_f
                0x00015e28       0x10 common/built-in.o
                0x00015e28                console_init_f
 .text.search_device
                0x00015e38       0x28 common/built-in.o
                0x00015e38                search_device
 .text.console_assign
                0x00015e60       0x40 common/built-in.o
                0x00015e60                console_assign
 .text.on_console
                0x00015ea0       0xb8 common/built-in.o
 .text.puts     0x00015f58       0x28 common/built-in.o
                0x00015f58                puts
 .text.stdio_print_current_devices
                0x00015f80       0xb8 common/built-in.o
                0x00015f80                stdio_print_current_devices
 .text.console_init_r
                0x00016038       0xdc common/built-in.o
                0x00016038                console_init_r
 .text.putc     0x00016114       0x28 common/built-in.o
                0x00016114                putc
 .text.tstc     0x0001613c       0x24 common/built-in.o
                0x0001613c                tstc
 .text.getc     0x00016160       0x24 common/built-in.o
                0x00016160                getc
 .text.confirm_yesno
                0x00016184       0xd0 common/built-in.o
                0x00016184                confirm_yesno
 .text.ctrlc    0x00016254       0x58 common/built-in.o
                0x00016254                ctrlc
 .text.initf_malloc
                0x000162ac        0x8 common/built-in.o
                0x000162ac                initf_malloc
 .text.mem_malloc_init
                0x000162b4       0x3c common/built-in.o
                0x000162b4                mem_malloc_init
 .text.sbrk     0x000162f0       0x68 common/built-in.o
                0x000162f0                sbrk
 .text.malloc_trim
                0x00016358       0xd4 common/built-in.o
                0x00016358                malloc_trim
 .text.free     0x0001642c      0x22c common/built-in.o
                0x0001642c                free
 .text.malloc   0x00016658      0x618 common/built-in.o
                0x00016658                malloc
 .text.memalign
                0x00016c70      0x17c common/built-in.o
                0x00016c70                memalign
 .text.calloc   0x00016dec       0xe0 common/built-in.o
                0x00016dec                calloc
 .text.realloc  0x00016ecc      0x470 common/built-in.o
                0x00016ecc                realloc
 .text.image_multi_count
                0x0001733c       0x24 common/built-in.o
                0x0001733c                image_multi_count
 .text.genimg_get_os_name
                0x00017360       0x40 common/built-in.o
                0x00017360                genimg_get_os_name
 .text.genimg_get_type_name
                0x000173a0       0x40 common/built-in.o
                0x000173a0                genimg_get_type_name
 .text.genimg_get_comp_name
                0x000173e0       0x40 common/built-in.o
                0x000173e0                genimg_get_comp_name
 .text.genimg_get_image
                0x00017420        0x4 common/built-in.o
                0x00017420                genimg_get_image
 .text.genimg_has_config
                0x00017424        0x8 common/built-in.o
                0x00017424                genimg_has_config
 .text.boot_get_setup
                0x0001742c        0x8 common/built-in.o
                0x0001742c                boot_get_setup
 .text.on_loadaddr
                0x00017434       0x38 common/built-in.o
 .text.genimg_get_kernel_addr_fit
                0x0001746c       0x24 common/built-in.o
                0x0001746c                genimg_get_kernel_addr_fit
 .text.getenv_bootm_low
                0x00017490       0x30 common/built-in.o
                0x00017490                getenv_bootm_low
 .text.image_multi_getimg
                0x000174c0       0xa8 common/built-in.o
                0x000174c0                image_multi_getimg
 .text.genimg_get_format
                0x00017568       0x48 common/built-in.o
                0x00017568                genimg_get_format
 .text.genimg_print_time
                0x000175b0       0x48 common/built-in.o
                0x000175b0                genimg_print_time
 .text.genimg_print_size
                0x000175f8       0x30 common/built-in.o
                0x000175f8                genimg_print_size
 .text.image_print_contents
                0x00017628      0x2b0 common/built-in.o
                0x00017628                image_print_contents
 .text.memmove_wd
                0x000178d8        0xc common/built-in.o
                0x000178d8                memmove_wd
 .text.getenv_bootm_size
                0x000178e4       0x64 common/built-in.o
                0x000178e4                getenv_bootm_size
 .text.getenv_bootm_mapsize
                0x00017948       0x30 common/built-in.o
                0x00017948                getenv_bootm_mapsize
 .text.boot_ramdisk_high
                0x00017978      0x13c common/built-in.o
                0x00017978                boot_ramdisk_high
 .text.image_setup_linux
                0x00017ab4       0x84 common/built-in.o
                0x00017ab4                image_setup_linux
 .text.image_check_dcrc
                0x00017b38       0x60 common/built-in.o
                0x00017b38                image_check_dcrc
 .text.image_check_hcrc
                0x00017b98       0x68 common/built-in.o
                0x00017b98                image_check_hcrc
 .text.boot_get_ramdisk
                0x00017c00      0x2a0 common/built-in.o
                0x00017c00                boot_get_ramdisk
 .text.ft_verify_fdt
                0x00017ea0        0x8 common/built-in.o
                0x00017ea0                ft_verify_fdt
 .text.image_setup_libfdt
                0x00017ea8      0x134 common/built-in.o
                0x00017ea8                image_setup_libfdt
 .text.fdt_error
                0x00017fdc       0x2c common/built-in.o
 .text.boot_get_fdt
                0x00018008      0x2fc common/built-in.o
                0x00018008                boot_get_fdt
 .text.boot_relocate_fdt
                0x00018304      0x1b4 common/built-in.o
                0x00018304                boot_relocate_fdt
 .text.boot_fdt_add_mem_rsv_regions
                0x000184b8       0x98 common/built-in.o
                0x000184b8                boot_fdt_add_mem_rsv_regions
 .text.get_effective_memsize
                0x00018550        0x8 common/built-in.o
                0x00018550                get_effective_memsize
 .text.stdio_get_list
                0x00018558        0xc common/built-in.o
                0x00018558                stdio_get_list
 .text.stdio_init_tables
                0x00018564       0x1c common/built-in.o
                0x00018564                stdio_init_tables
 .text.stdio_serial_tstc
                0x00018580        0x4 common/built-in.o
 .text.stdio_serial_getc
                0x00018584        0x4 common/built-in.o
 .text.stdio_serial_puts
                0x00018588        0x8 common/built-in.o
 .text.stdio_serial_putc
                0x00018590        0x8 common/built-in.o
 .text.stdio_clone
                0x00018598       0x34 common/built-in.o
                0x00018598                stdio_clone
 .text.stdio_register_dev
                0x000185cc       0x50 common/built-in.o
                0x000185cc                stdio_register_dev
 .text.stdio_register
                0x0001861c        0x8 common/built-in.o
                0x0001861c                stdio_register
 .text.stdio_add_devices
                0x00018624       0x80 common/built-in.o
                0x00018624                stdio_add_devices
 .text.stdio_get_by_name
                0x000186a4       0x4c common/built-in.o
                0x000186a4                stdio_get_by_name
 .text.cli_init
                0x000186f0        0x4 common/built-in.o
                0x000186f0                cli_init
 .text.cli_loop
                0x000186f4        0xc common/built-in.o
                0x000186f4                cli_loop
 .text.run_command
                0x00018700       0x10 common/built-in.o
                0x00018700                run_command
 .text.do_run   0x00018710       0x70 common/built-in.o
                0x00018710                do_run
 .text.run_command_list
                0x00018780       0x74 common/built-in.o
                0x00018780                run_command_list
 .text.delete_char
                0x000187f4       0xdc common/built-in.o
 .text.cread_add_char
                0x000188d0       0xe8 common/built-in.o
 .text.cli_readline_into_buffer
                0x000189b8      0x974 common/built-in.o
                0x000189b8                cli_readline_into_buffer
 .text.cli_readline
                0x0001932c       0x1c common/built-in.o
                0x0001932c                cli_readline
 .text.cmd_process_error
                0x00019348       0x28 common/built-in.o
                0x00019348                cmd_process_error
 .text.cmd_get_data_size
                0x00019370       0x50 common/built-in.o
                0x00019370                cmd_get_data_size
 .text.cmd_usage
                0x000193c0       0x5c common/built-in.o
                0x000193c0                cmd_usage
 .text.find_cmd_tbl
                0x0001941c       0x9c common/built-in.o
                0x0001941c                find_cmd_tbl
 .text.find_cmd
                0x000194b8       0x28 common/built-in.o
                0x000194b8                find_cmd
 .text.cmd_process
                0x000194e0       0xf0 common/built-in.o
                0x000194e0                cmd_process
 .text._do_help
                0x000195d0      0x178 common/built-in.o
                0x000195d0                _do_help
 .text.hex2_bin
                0x00019748       0x80 common/built-in.o
 .text.srec_decode
                0x000197c8      0x274 common/built-in.o
                0x000197c8                srec_decode
 .text.xyzModem_error
                0x00019a3c       0x20 common/built-in.o
                0x00019a3c                xyzModem_error
 .text.CYGACC_COMM_IF_PUTC
                0x00019a5c        0x8 common/built-in.o
 .text.CYGACC_COMM_IF_GETC_TIMEOUT
                0x00019a64       0x4c common/built-in.o
 .text.xyzModem_stream_terminate
                0x00019ab0       0xf4 common/built-in.o
                0x00019ab0                xyzModem_stream_terminate
 .text.xyzModem_stream_close
                0x00019ba4       0x50 common/built-in.o
                0x00019ba4                xyzModem_stream_close
 .text.xyzModem_get_hdr
                0x00019bf4      0x2c0 common/built-in.o
 .text.xyzModem_stream_read
                0x00019eb4      0x270 common/built-in.o
                0x00019eb4                xyzModem_stream_read
 .text.xyzModem_stream_open
                0x0001a124      0x258 common/built-in.o
                0x0001a124                xyzModem_stream_open
 .text.part_init
                0x0001a37c       0x70 disk/built-in.o
                0x0001a37c                part_init
 .text.part_get_info
                0x0001a3ec       0x88 disk/built-in.o
                0x0001a3ec                part_get_info
 .text.get_dev_hwpart
                0x0001a474       0x2c disk/built-in.o
 .text.blk_get_device_by_str
                0x0001a4a0      0x130 disk/built-in.o
                0x0001a4a0                blk_get_device_by_str
 .text.blk_get_device_part_str
                0x0001a5d0      0x470 disk/built-in.o
                0x0001a5d0                blk_get_device_part_str
 .text.test_block_type
                0x0001aa40       0x80 disk/built-in.o
 .text.part_test_dos
                0x0001aac0       0x5c disk/built-in.o
 .text.print_partition_extended
                0x0001ab1c      0x278 disk/built-in.o
 .text.part_print_dos
                0x0001ad94       0x34 disk/built-in.o
                0x0001ad94                part_print_dos
 .text.part_get_info_extended
                0x0001adc8      0x304 disk/built-in.o
 .text.part_get_info_dos
                0x0001b0cc       0x28 disk/built-in.o
                0x0001b0cc                part_get_info_dos
 .text.alloc_priv
                0x0001b0f4       0x4c drivers/built-in.o
 .text.device_probe
                0x0001b140      0x1d8 drivers/built-in.o
                0x0001b140                device_probe
 .text.device_bind_common
                0x0001b318      0x284 drivers/built-in.o
 .text.device_bind_by_name
                0x0001b59c       0x70 drivers/built-in.o
                0x0001b59c                device_bind_by_name
 .text.lists_uclass_lookup
                0x0001b60c       0x54 drivers/built-in.o
                0x0001b60c                lists_uclass_lookup
 .text.lists_bind_drivers
                0x0001b660       0x94 drivers/built-in.o
                0x0001b660                lists_bind_drivers
 .text.lists_driver_lookup_name
                0x0001b6f4       0x64 drivers/built-in.o
                0x0001b6f4                lists_driver_lookup_name
 .text.dm_scan_other
                0x0001b758        0x8 drivers/built-in.o
                0x0001b758                dm_scan_other
 .text.dm_scan_platdata
                0x0001b760       0x2c drivers/built-in.o
                0x0001b760                dm_scan_platdata
 .text.dm_root  0x0001b78c       0x2c drivers/built-in.o
                0x0001b78c                dm_root
 .text.dm_init  0x0001b7b8       0x58 drivers/built-in.o
                0x0001b7b8                dm_init
 .text.dm_init_and_scan
                0x0001b810       0x30 drivers/built-in.o
                0x0001b810                dm_init_and_scan
 .text.uclass_bind_device
                0x0001b840       0x80 drivers/built-in.o
                0x0001b840                uclass_bind_device
 .text.uclass_pre_probe_device
                0x0001b8c0       0x64 drivers/built-in.o
                0x0001b8c0                uclass_pre_probe_device
 .text.uclass_post_probe_device
                0x0001b924       0x28 drivers/built-in.o
                0x0001b924                uclass_post_probe_device
 .text.uclass_get_device_tail
                0x0001b94c       0x28 drivers/built-in.o
                0x0001b94c                uclass_get_device_tail
 .text.uclass_next_device
                0x0001b974       0x38 drivers/built-in.o
                0x0001b974                uclass_next_device
 .text.uclass_get
                0x0001b9ac      0x158 drivers/built-in.o
                0x0001b9ac                uclass_get
 .text.uclass_find_device_by_seq
                0x0001bb04       0x70 drivers/built-in.o
                0x0001bb04                uclass_find_device_by_seq
 .text.uclass_resolve_seq
                0x0001bb74       0xb4 drivers/built-in.o
                0x0001bb74                uclass_resolve_seq
 .text.uclass_find_first_device
                0x0001bc28       0x38 drivers/built-in.o
                0x0001bc28                uclass_find_first_device
 .text.uclass_first_device
                0x0001bc60       0x30 drivers/built-in.o
                0x0001bc60                uclass_first_device
 .text.dm_warn  0x0001bc90       0x28 drivers/built-in.o
                0x0001bc90                dm_warn
 .text.dm_dump_uclass
                0x0001bcb8       0xdc drivers/built-in.o
                0x0001bcb8                dm_dump_uclass
 .text.show_devices
                0x0001bd94      0x100 drivers/built-in.o
 .text.dm_dump_all
                0x0001be94       0x3c drivers/built-in.o
                0x0001be94                dm_dump_all
 .text.blk_driver_lookup_type
                0x0001bed0       0x54 drivers/built-in.o
                0x0001bed0                blk_driver_lookup_type
 .text.get_desc
                0x0001bf24       0x68 drivers/built-in.o
 .text.blk_get_devnum_by_type
                0x0001bf8c       0x34 drivers/built-in.o
                0x0001bf8c                blk_get_devnum_by_type
 .text.blk_dselect_hwpart
                0x0001bfc0       0x44 drivers/built-in.o
                0x0001bfc0                blk_dselect_hwpart
 .text.blk_get_devnum_by_typename
                0x0001c004       0x8c drivers/built-in.o
                0x0001c004                blk_get_devnum_by_typename
 .text.status_led_init
                0x0001c090       0x40 drivers/built-in.o
                0x0001c090                status_led_init
 .text.status_led_set
                0x0001c0d0       0x58 drivers/built-in.o
                0x0001c0d0                status_led_set
 .text.rtc_calc_weekday
                0x0001c128       0xd4 drivers/built-in.o
                0x0001c128                rtc_calc_weekday
 .text.rtc_to_tm
                0x0001c1fc      0x120 drivers/built-in.o
                0x0001c1fc                rtc_to_tm
 .text.rtc_get  0x0001c31c      0x208 drivers/built-in.o
                0x0001c31c                rtc_get
 .text.rtc_set  0x0001c524      0x1a0 drivers/built-in.o
                0x0001c524                rtc_set
 .text.rtc_reset
                0x0001c6c4       0x28 drivers/built-in.o
                0x0001c6c4                rtc_reset
 .text.__get_mtd_device
                0x0001c6ec       0x38 drivers/mtd/built-in.o
                0x0001c6ec                __get_mtd_device
 .text.get_mtd_device
                0x0001c724       0xa4 drivers/mtd/built-in.o
                0x0001c724                get_mtd_device
 .text.mtd_write
                0x0001c7c8       0xb4 drivers/mtd/built-in.o
                0x0001c7c8                mtd_write
 .text.mtd_unlock
                0x0001c87c       0xac drivers/mtd/built-in.o
                0x0001c87c                mtd_unlock
 .text.mtd_block_isbad
                0x0001c928       0x4c drivers/mtd/built-in.o
                0x0001c928                mtd_block_isbad
 .text.mtd_block_markbad
                0x0001c974       0x5c drivers/mtd/built-in.o
                0x0001c974                mtd_block_markbad
 .text.mtd_read_oob
                0x0001c9d0       0x60 drivers/mtd/built-in.o
                0x0001c9d0                mtd_read_oob
 .text.mtd_read
                0x0001ca30       0xd0 drivers/mtd/built-in.o
                0x0001ca30                mtd_read
 .text.mtd_erase
                0x0001cb00       0xb8 drivers/mtd/built-in.o
                0x0001cb00                mtd_erase
 .text.__put_mtd_device
                0x0001cbb8       0x50 drivers/mtd/built-in.o
                0x0001cbb8                __put_mtd_device
 .text.put_mtd_device
                0x0001cc08        0x4 drivers/mtd/built-in.o
                0x0001cc08                put_mtd_device
 .text.del_mtd_device
                0x0001cc0c       0x6c drivers/mtd/built-in.o
                0x0001cc0c                del_mtd_device
 .text.add_mtd_device
                0x0001cc78      0x1d8 drivers/mtd/built-in.o
                0x0001cc78                add_mtd_device
 .text.get_mtd_device_nm
                0x0001ce50       0x74 drivers/mtd/built-in.o
                0x0001ce50                get_mtd_device_nm
 .text.mtd_arg_off
                0x0001cec4      0x10c drivers/mtd/built-in.o
                0x0001cec4                mtd_arg_off
 .text.mtd_arg_off_size
                0x0001cfd0      0x13c drivers/mtd/built-in.o
                0x0001cfd0                mtd_arg_off_size
 .text.part_get_unmapped_area
                0x0001d10c       0x20 drivers/mtd/built-in.o
 .text.part_read_user_prot_reg
                0x0001d12c       0x34 drivers/mtd/built-in.o
 .text.part_get_user_prot_info
                0x0001d160       0x18 drivers/mtd/built-in.o
 .text.part_read_fact_prot_reg
                0x0001d178       0x34 drivers/mtd/built-in.o
 .text.part_get_fact_prot_info
                0x0001d1ac       0x18 drivers/mtd/built-in.o
 .text.part_write
                0x0001d1c4       0x44 drivers/mtd/built-in.o
 .text.part_panic_write
                0x0001d208       0x44 drivers/mtd/built-in.o
 .text.part_write_oob
                0x0001d24c       0x80 drivers/mtd/built-in.o
 .text.part_write_user_prot_reg
                0x0001d2cc       0x34 drivers/mtd/built-in.o
 .text.part_lock_user_prot_reg
                0x0001d300       0x20 drivers/mtd/built-in.o
 .text.part_erase
                0x0001d320       0xa0 drivers/mtd/built-in.o
 .text.mtd_erase_callback
                0x0001d3c0       0x8c drivers/mtd/built-in.o
                0x0001d3c0                mtd_erase_callback
 .text.part_lock
                0x0001d44c       0x34 drivers/mtd/built-in.o
 .text.part_unlock
                0x0001d480       0x34 drivers/mtd/built-in.o
 .text.part_is_locked
                0x0001d4b4       0x34 drivers/mtd/built-in.o
 .text.part_sync
                0x0001d4e8       0x18 drivers/mtd/built-in.o
 .text.part_block_isreserved
                0x0001d500       0x28 drivers/mtd/built-in.o
 .text.part_block_isbad
                0x0001d528       0x28 drivers/mtd/built-in.o
 .text.part_block_markbad
                0x0001d550       0x3c drivers/mtd/built-in.o
 .text.mtd_get_device_size
                0x0001d58c       0x4c drivers/mtd/built-in.o
                0x0001d58c                mtd_get_device_size
 .text.part_read
                0x0001d5d8       0x9c drivers/mtd/built-in.o
 .text.part_read_oob
                0x0001d674      0x18c drivers/mtd/built-in.o
 .text.del_mtd_partitions
                0x0001d800       0x94 drivers/mtd/built-in.o
                0x0001d800                del_mtd_partitions
 .text.kstrdup  0x0001d894       0x40 drivers/mtd/built-in.o
                0x0001d894                kstrdup
 .text.add_mtd_partitions
                0x0001d8d4      0x800 drivers/mtd/built-in.o
                0x0001d8d4                add_mtd_partitions
 .text.cfi_flash_bank_size
                0x0001e0d4        0x8 drivers/mtd/built-in.o
                0x0001e0d4                cfi_flash_bank_size
 .text.flash_make_cmd
                0x0001e0dc       0x58 drivers/mtd/built-in.o
 .text.flash_write_cmd
                0x0001e134       0x8c drivers/mtd/built-in.o
                0x0001e134                flash_write_cmd
 .text.flash_unlock_seq
                0x0001e1c0       0x30 drivers/mtd/built-in.o
 .text.flash_isset
                0x0001e1f0       0xc4 drivers/mtd/built-in.o
 .text.flash_add_byte
                0x0001e2b4       0x9c drivers/mtd/built-in.o
 .text.cfi_reverse_geometry
                0x0001e350       0xd4 drivers/mtd/built-in.o
 .text.cfi_flash_probe
                0x0001e424       0xd0 drivers/mtd/built-in.o
 .text.__flash_cmd_reset
                0x0001e4f4       0x38 drivers/mtd/built-in.o
                0x0001e4f4                flash_cmd_reset
 .text.flash_protect_default
                0x0001e52c       0xe0 drivers/mtd/built-in.o
                0x0001e52c                flash_protect_default
 .text.flash_print_info
                0x0001e60c      0x228 drivers/mtd/built-in.o
                0x0001e60c                flash_print_info
 .text.flash_full_status_check
                0x0001e834      0x2e4 drivers/mtd/built-in.o
 .text.flash_write_cfiword
                0x0001eb18      0x300 drivers/mtd/built-in.o
 .text.write_buff
                0x0001ee18      0x2b4 drivers/mtd/built-in.o
                0x0001ee18                write_buff
 .text.flash_erase
                0x0001f0cc      0x1c4 drivers/mtd/built-in.o
                0x0001f0cc                flash_erase
 .text.T.196    0x0001f290       0xb8 drivers/mtd/built-in.o
 .text.flash_get_size
                0x0001f348      0x8e0 drivers/mtd/built-in.o
                0x0001f348                flash_get_size
 .text.flash_init
                0x0001fc28       0xb0 drivers/mtd/built-in.o
                0x0001fc28                flash_init
 .text.nand_mtd_to_devnum
                0x0001fcd8       0x28 drivers/mtd/nand/built-in.o
                0x0001fcd8                nand_mtd_to_devnum
 .text.nand_register
                0x0001fd00       0x90 drivers/mtd/nand/built-in.o
                0x0001fd00                nand_register
 .text.nand_init
                0x0001fd90       0x60 drivers/mtd/nand/built-in.o
                0x0001fd90                nand_init
 .text.nand_isreserved_bbt
                0x0001fdf0       0x40 drivers/mtd/nand/built-in.o
                0x0001fdf0                nand_isreserved_bbt
 .text.nand_isbad_bbt
                0x0001fe30       0x50 drivers/mtd/nand/built-in.o
                0x0001fe30                nand_isbad_bbt
 .text.read_bbt
                0x0001fe80      0x200 drivers/mtd/nand/built-in.o
 .text.read_abs_bbt
                0x00020080       0xc4 drivers/mtd/nand/built-in.o
 .text.scan_read
                0x00020144       0xf0 drivers/mtd/nand/built-in.o
 .text.write_bbt
                0x00020234      0x628 drivers/mtd/nand/built-in.o
 .text.nand_update_bbt
                0x0002085c      0x114 drivers/mtd/nand/built-in.o
 .text.nand_markbad_bbt
                0x00020970       0x5c drivers/mtd/nand/built-in.o
                0x00020970                nand_markbad_bbt
 .text.mark_bbt_region
                0x000209cc      0x180 drivers/mtd/nand/built-in.o
 .text.verify_bbt_descr
                0x00020b4c      0x160 drivers/mtd/nand/built-in.o
 .text.create_bbt
                0x00020cac      0x234 drivers/mtd/nand/built-in.o
 .text.search_bbt
                0x00020ee0      0x1bc drivers/mtd/nand/built-in.o
 .text.nand_default_bbt
                0x0002109c      0x56c drivers/mtd/nand/built-in.o
                0x0002109c                nand_default_bbt
 .text.nand_unlock
                0x00021608      0x184 drivers/mtd/nand/built-in.o
                0x00021608                nand_unlock
 .text.nand_get_lock_status
                0x0002178c       0xb0 drivers/mtd/nand/built-in.o
                0x0002178c                nand_get_lock_status
 .text.nand_lock
                0x0002183c       0xa8 drivers/mtd/nand/built-in.o
                0x0002183c                nand_lock
 .text.check_skip_len
                0x000218e4       0xb0 drivers/mtd/nand/built-in.o
 .text.nand_read_skip_bad
                0x00021994      0x25c drivers/mtd/nand/built-in.o
                0x00021994                nand_read_skip_bad
 .text.nand_verify
                0x00021bf0       0xfc drivers/mtd/nand/built-in.o
                0x00021bf0                nand_verify
 .text.nand_write_skip_bad
                0x00021cec      0x2f4 drivers/mtd/nand/built-in.o
                0x00021cec                nand_write_skip_bad
 .text.nand_verify_page_oob
                0x00021fe0       0xc0 drivers/mtd/nand/built-in.o
                0x00021fe0                nand_verify_page_oob
 .text.nand_erase_opts
                0x000220a0      0x38c drivers/mtd/nand/built-in.o
                0x000220a0                nand_erase_opts
 .text.nand_calculate_ecc
                0x0002242c       0xf4 drivers/mtd/nand/built-in.o
                0x0002242c                nand_calculate_ecc
 .text.nand_correct_data
                0x00022520      0x120 drivers/mtd/nand/built-in.o
                0x00022520                nand_correct_data
 .text.nand_release_device
                0x00022640       0x14 drivers/mtd/nand/built-in.o
 .text.nand_read_byte
                0x00022654       0x10 drivers/mtd/nand/built-in.o
                0x00022654                nand_read_byte
 .text.nand_read_byte16
                0x00022664       0x10 drivers/mtd/nand/built-in.o
 .text.nand_read_word
                0x00022674        0xc drivers/mtd/nand/built-in.o
 .text.nand_write_byte
                0x00022680       0x20 drivers/mtd/nand/built-in.o
 .text.nand_write_byte16
                0x000226a0       0x20 drivers/mtd/nand/built-in.o
 .text.nand_write_buf
                0x000226c0       0x24 drivers/mtd/nand/built-in.o
                0x000226c0                nand_write_buf
 .text.nand_read_buf
                0x000226e4       0x28 drivers/mtd/nand/built-in.o
                0x000226e4                nand_read_buf
 .text.nand_write_buf16
                0x0002270c       0x2c drivers/mtd/nand/built-in.o
                0x0002270c                nand_write_buf16
 .text.nand_read_buf16
                0x00022738       0x30 drivers/mtd/nand/built-in.o
                0x00022738                nand_read_buf16
 .text.nand_check_wp
                0x00022768       0x48 drivers/mtd/nand/built-in.o
 .text.nand_read_page_raw
                0x000227b0       0x40 drivers/mtd/nand/built-in.o
 .text.nand_read_page_raw_syndrome
                0x000227f0       0xcc drivers/mtd/nand/built-in.o
 .text.nand_read_page_swecc
                0x000228bc      0x138 drivers/mtd/nand/built-in.o
 .text.nand_read_oob_std
                0x000229f4       0x3c drivers/mtd/nand/built-in.o
 .text.nand_read_oob_syndrome
                0x00022a30      0x100 drivers/mtd/nand/built-in.o
 .text.nand_write_oob_std
                0x00022b30       0x70 drivers/mtd/nand/built-in.o
 .text.nand_write_oob_syndrome
                0x00022ba0      0x1ac drivers/mtd/nand/built-in.o
 .text.nand_write_page_raw
                0x00022d4c       0x40 drivers/mtd/nand/built-in.o
 .text.nand_write_page_raw_syndrome
                0x00022d8c       0xcc drivers/mtd/nand/built-in.o
 .text.nand_write_page_swecc
                0x00022e58       0xd0 drivers/mtd/nand/built-in.o
 .text.nand_write_page_hwecc
                0x00022f28       0xcc drivers/mtd/nand/built-in.o
 .text.nand_write_page_syndrome
                0x00022ff4       0xec drivers/mtd/nand/built-in.o
 .text.single_erase
                0x000230e0       0x48 drivers/mtd/nand/built-in.o
 .text.nand_sync
                0x00023128        0xc drivers/mtd/nand/built-in.o
 .text.nand_onfi_set_features
                0x00023134       0x5c drivers/mtd/nand/built-in.o
 .text.nand_onfi_get_features
                0x00023190       0x48 drivers/mtd/nand/built-in.o
 .text.nand_set_defaults
                0x000231d8      0x1ac drivers/mtd/nand/built-in.o
 .text.nand_write_page
                0x00023384      0x168 drivers/mtd/nand/built-in.o
 .text.nand_block_bad
                0x000234ec      0x144 drivers/mtd/nand/built-in.o
 .text.nand_check_erased_buf
                0x00023630      0x164 drivers/mtd/nand/built-in.o
 .text.nand_select_chip
                0x00023794       0x54 drivers/mtd/nand/built-in.o
 .text.nand_scan_tail
                0x000237e8      0x660 drivers/mtd/nand/built-in.o
                0x000237e8                nand_scan_tail
 .text.nand_write_subpage_hwecc
                0x00023e48      0x1ac drivers/mtd/nand/built-in.o
 .text.nand_check_erased_ecc_chunk
                0x00023ff4       0xb0 drivers/mtd/nand/built-in.o
                0x00023ff4                nand_check_erased_ecc_chunk
 .text.nand_read_page_syndrome
                0x000240a4      0x1c0 drivers/mtd/nand/built-in.o
 .text.nand_read_subpage
                0x00024264      0x2d0 drivers/mtd/nand/built-in.o
 .text.nand_read_page_hwecc
                0x00024534      0x1ac drivers/mtd/nand/built-in.o
 .text.nand_read_page_hwecc_oob_first
                0x000246e0      0x1b0 drivers/mtd/nand/built-in.o
 .text.nand_block_checkbad
                0x00024890       0x74 drivers/mtd/nand/built-in.o
 .text.nand_block_isbad
                0x00024904       0x74 drivers/mtd/nand/built-in.o
 .text.nand_block_isreserved
                0x00024978       0x18 drivers/mtd/nand/built-in.o
 .text.nand_fill_oob
                0x00024990      0x12c drivers/mtd/nand/built-in.o
 .text.nand_do_write_oob
                0x00024abc      0x1d8 drivers/mtd/nand/built-in.o
 .text.nand_default_block_markbad
                0x00024c94       0xec drivers/mtd/nand/built-in.o
 .text.nand_do_write_ops
                0x00024d80      0x360 drivers/mtd/nand/built-in.o
 .text.nand_write_oob
                0x000250e0       0xa4 drivers/mtd/nand/built-in.o
 .text.nand_write
                0x00025184       0x80 drivers/mtd/nand/built-in.o
 .text.nand_transfer_oob
                0x00025204      0x118 drivers/mtd/nand/built-in.o
 .text.panic_nand_write
                0x0002531c       0xc8 drivers/mtd/nand/built-in.o
 .text.nand_wait
                0x000253e4       0xc4 drivers/mtd/nand/built-in.o
 .text.nand_wait_ready
                0x000254a8       0x60 drivers/mtd/nand/built-in.o
                0x000254a8                nand_wait_ready
 .text.nand_do_read_ops
                0x00025508      0x4b8 drivers/mtd/nand/built-in.o
 .text.nand_read_oob
                0x000259c0      0x304 drivers/mtd/nand/built-in.o
 .text.nand_read
                0x00025cc4       0x80 drivers/mtd/nand/built-in.o
 .text.sanitize_string
                0x00025d44       0x38 drivers/mtd/nand/built-in.o
 .text.nand_scan_ident
                0x00025d7c      0xc64 drivers/mtd/nand/built-in.o
                0x00025d7c                nand_scan_ident
 .text.nand_scan
                0x000269e0       0x24 drivers/mtd/nand/built-in.o
                0x000269e0                nand_scan
 .text.nand_erase_nand
                0x00026a04      0x274 drivers/mtd/nand/built-in.o
                0x00026a04                nand_erase_nand
 .text.nand_block_markbad
                0x00026c78       0xec drivers/mtd/nand/built-in.o
 .text.nand_erase
                0x00026d64        0x8 drivers/mtd/nand/built-in.o
 .text.T.364    0x00026d6c       0x40 drivers/mtd/nand/built-in.o
 .text.nand_command_lp
                0x00026dac      0x230 drivers/mtd/nand/built-in.o
 .text.nand_command
                0x00026fdc      0x1c4 drivers/mtd/nand/built-in.o
 .text.s3c24x0_hwcontrol
                0x000271a0       0x68 drivers/mtd/nand/built-in.o
 .text.s3c24x0_dev_ready
                0x00027208       0x14 drivers/mtd/nand/built-in.o
 .text.s3c24x0_nand_enable_hwecc
                0x0002721c       0x1c drivers/mtd/nand/built-in.o
                0x0002721c                s3c24x0_nand_enable_hwecc
 .text.s3c24x0_nand_calculate_ecc
                0x00027238       0x58 drivers/mtd/nand/built-in.o
 .text.board_nand_init
                0x00027290       0xac drivers/mtd/nand/built-in.o
                0x00027290                board_nand_init
 .text.s3c24x0_nand_correct_data
                0x0002733c       0x5c drivers/mtd/nand/built-in.o
 .text.ubi_find_av
                0x00027398       0x30 drivers/mtd/ubi/built-in.o
                0x00027398                ubi_find_av
 .text.destroy_ai
                0x000273c8      0x208 drivers/mtd/ubi/built-in.o
 .text.add_to_list
                0x000275d0       0xcc drivers/mtd/ubi/built-in.o
 .text.validate_vid_hdr
                0x0002769c      0x454 drivers/mtd/ubi/built-in.o
 .text.ubi_early_get_peb
                0x00027af0      0x1c4 drivers/mtd/ubi/built-in.o
                0x00027af0                ubi_early_get_peb
 .text.ubi_remove_av
                0x00027cb4       0x6c drivers/mtd/ubi/built-in.o
                0x00027cb4                ubi_remove_av
 .text.ubi_compare_lebs
                0x00027d20      0x26c drivers/mtd/ubi/built-in.o
                0x00027d20                ubi_compare_lebs
 .text.ubi_add_to_av
                0x00027f8c      0x5b4 drivers/mtd/ubi/built-in.o
                0x00027f8c                ubi_add_to_av
 .text.ubi_attach
                0x00028540     0x10ac drivers/mtd/ubi/built-in.o
                0x00028540                ubi_attach
 .text.ubi_get_device
                0x000295ec       0x20 drivers/mtd/ubi/built-in.o
                0x000295ec                ubi_get_device
 .text.ubi_put_device
                0x0002960c       0x10 drivers/mtd/ubi/built-in.o
                0x0002960c                ubi_put_device
 .text.kstrtoint
                0x0002961c       0x24 drivers/mtd/ubi/built-in.o
                0x0002961c                kstrtoint
 .text.ubi_mtd_param_parse
                0x00029640      0x1e0 drivers/mtd/ubi/built-in.o
                0x00029640                ubi_mtd_param_parse
 .text.ubi_free_internal_volumes
                0x00029820       0x44 drivers/mtd/ubi/built-in.o
                0x00029820                ubi_free_internal_volumes
 .text.ubi_notify_all
                0x00029864       0x64 drivers/mtd/ubi/built-in.o
                0x00029864                ubi_notify_all
 .text.ubi_detach_mtd_dev
                0x000298c8       0xf8 drivers/mtd/ubi/built-in.o
                0x000298c8                ubi_detach_mtd_dev
 .text.ubi_exit
                0x000299c0       0x58 drivers/mtd/ubi/built-in.o
                0x000299c0                ubi_exit
 .text.ubi_attach_mtd_dev
                0x00029a18      0x78c drivers/mtd/ubi/built-in.o
                0x00029a18                ubi_attach_mtd_dev
 .text.ubi_init
                0x0002a1a4      0x13c drivers/mtd/ubi/built-in.o
                0x0002a1a4                ubi_init
 .text.ubi_volume_notify
                0x0002a2e0       0x38 drivers/mtd/ubi/built-in.o
                0x0002a2e0                ubi_volume_notify
 .text.create_vtbl
                0x0002a318      0x2ec drivers/mtd/ubi/built-in.o
 .text.vtbl_check
                0x0002a604      0x32c drivers/mtd/ubi/built-in.o
 .text.ubi_read_volume_table
                0x0002a930      0x77c drivers/mtd/ubi/built-in.o
                0x0002a930                ubi_read_volume_table
 .text.ubi_change_vtbl_record
                0x0002b0ac      0x11c drivers/mtd/ubi/built-in.o
                0x0002b0ac                ubi_change_vtbl_record
 .text.ubi_free_volume
                0x0002b1c8       0x18 drivers/mtd/ubi/built-in.o
                0x0002b1c8                ubi_free_volume
 .text.self_check_volumes
                0x0002b1e0      0x3ec drivers/mtd/ubi/built-in.o
 .text.ubi_add_volume
                0x0002b5cc       0x30 drivers/mtd/ubi/built-in.o
                0x0002b5cc                ubi_add_volume
 .text.vol_release
                0x0002b5fc       0x1c drivers/mtd/ubi/built-in.o
 .text.ubi_resize_volume
                0x0002b618      0x260 drivers/mtd/ubi/built-in.o
                0x0002b618                ubi_resize_volume
 .text.ubi_create_volume
                0x0002b878      0x4b0 drivers/mtd/ubi/built-in.o
                0x0002b878                ubi_create_volume
 .text.write_leb
                0x0002bd28       0xb8 drivers/mtd/ubi/built-in.o
 .text.clear_update_marker
                0x0002bde0       0xec drivers/mtd/ubi/built-in.o
 .text.ubi_more_update_data
                0x0002becc      0x2a4 drivers/mtd/ubi/built-in.o
                0x0002becc                ubi_more_update_data
 .text.ubi_start_update
                0x0002c170      0x188 drivers/mtd/ubi/built-in.o
                0x0002c170                ubi_start_update
 .text.ubi_do_get_device_info
                0x0002c2f8       0x34 drivers/mtd/ubi/built-in.o
                0x0002c2f8                ubi_do_get_device_info
 .text.ubi_do_get_volume_info
                0x0002c32c       0x80 drivers/mtd/ubi/built-in.o
                0x0002c32c                ubi_do_get_volume_info
 .text.ubi_get_volume_info
                0x0002c3ac       0x88 drivers/mtd/ubi/built-in.o
                0x0002c3ac                ubi_get_volume_info
 .text.ubi_is_mapped
                0x0002c434       0x44 drivers/mtd/ubi/built-in.o
                0x0002c434                ubi_is_mapped
 .text.ubi_get_device_info
                0x0002c478       0x60 drivers/mtd/ubi/built-in.o
                0x0002c478                ubi_get_device_info
 .text.ubi_leb_unmap
                0x0002c4d8       0x60 drivers/mtd/ubi/built-in.o
                0x0002c4d8                ubi_leb_unmap
 .text.ubi_leb_read
                0x0002c538      0x114 drivers/mtd/ubi/built-in.o
                0x0002c538                ubi_leb_read
 .text.ubi_close_volume
                0x0002c64c       0x80 drivers/mtd/ubi/built-in.o
                0x0002c64c                ubi_close_volume
 .text.ubi_open_volume
                0x0002c6cc      0x1b8 drivers/mtd/ubi/built-in.o
                0x0002c6cc                ubi_open_volume
 .text.ubi_open_volume_nm
                0x0002c884       0xc8 drivers/mtd/ubi/built-in.o
                0x0002c884                ubi_open_volume_nm
 .text.ubi_eba_init
                0x0002c94c      0x230 drivers/mtd/ubi/built-in.o
                0x0002c94c                ubi_eba_init
 .text.leb_write_unlock
                0x0002cb7c       0x6c drivers/mtd/ubi/built-in.o
 .text.leb_read_unlock
                0x0002cbe8       0x6c drivers/mtd/ubi/built-in.o
 .text.ltree_add_entry
                0x0002cc54       0xf4 drivers/mtd/ubi/built-in.o
 .text.leb_write_lock
                0x0002cd48       0x14 drivers/mtd/ubi/built-in.o
 .text.ubi_eba_copy_leb
                0x0002cd5c      0x464 drivers/mtd/ubi/built-in.o
                0x0002cd5c                ubi_eba_copy_leb
 .text.ubi_eba_unmap_leb
                0x0002d1c0       0x7c drivers/mtd/ubi/built-in.o
                0x0002d1c0                ubi_eba_unmap_leb
 .text.ubi_eba_write_leb_st
                0x0002d23c      0x518 drivers/mtd/ubi/built-in.o
                0x0002d23c                ubi_eba_write_leb_st
 .text.ubi_eba_write_leb
                0x0002d754      0x7d4 drivers/mtd/ubi/built-in.o
                0x0002d754                ubi_eba_write_leb
 .text.ubi_eba_atomic_leb_change
                0x0002df28      0x4d0 drivers/mtd/ubi/built-in.o
                0x0002df28                ubi_eba_atomic_leb_change
 .text.ubi_eba_read_leb
                0x0002e3f8      0x228 drivers/mtd/ubi/built-in.o
                0x0002e3f8                ubi_eba_read_leb
 .text.erase_callback
                0x0002e620        0x4 drivers/mtd/ubi/built-in.o
 .text.ubi_self_check_all_ff
                0x0002e624       0xcc drivers/mtd/ubi/built-in.o
                0x0002e624                ubi_self_check_all_ff
 .text.validate_ec_hdr
                0x0002e6f0      0x154 drivers/mtd/ubi/built-in.o
 .text.self_check_ec_hdr
                0x0002e844       0x80 drivers/mtd/ubi/built-in.o
 .text.self_check_vid_hdr
                0x0002e8c4       0x80 drivers/mtd/ubi/built-in.o
 .text.ubi_io_mark_bad
                0x0002e944       0x44 drivers/mtd/ubi/built-in.o
                0x0002e944                ubi_io_mark_bad
 .text.ubi_io_is_bad
                0x0002e988       0x34 drivers/mtd/ubi/built-in.o
                0x0002e988                ubi_io_is_bad
 .text.ubi_io_read
                0x0002e9bc       0xec drivers/mtd/ubi/built-in.o
                0x0002e9bc                ubi_io_read
 .text.self_check_peb_ec_hdr
                0x0002eaa8       0xe8 drivers/mtd/ubi/built-in.o
 .text.ubi_io_read_vid_hdr
                0x0002eb90      0x178 drivers/mtd/ubi/built-in.o
                0x0002eb90                ubi_io_read_vid_hdr
 .text.ubi_io_read_ec_hdr
                0x0002ed08      0x168 drivers/mtd/ubi/built-in.o
                0x0002ed08                ubi_io_read_ec_hdr
 .text.ubi_io_write
                0x0002ee70      0x354 drivers/mtd/ubi/built-in.o
                0x0002ee70                ubi_io_write
 .text.ubi_io_write_vid_hdr
                0x0002f1c4       0xdc drivers/mtd/ubi/built-in.o
                0x0002f1c4                ubi_io_write_vid_hdr
 .text.ubi_io_write_ec_hdr
                0x0002f2a0      0x17c drivers/mtd/ubi/built-in.o
                0x0002f2a0                ubi_io_write_ec_hdr
 .text.do_sync_erase
                0x0002f41c      0x138 drivers/mtd/ubi/built-in.o
 .text.ubi_io_sync_erase
                0x0002f554      0x298 drivers/mtd/ubi/built-in.o
                0x0002f554                ubi_io_sync_erase
 .text.do_work  0x0002f7ec       0x50 drivers/mtd/ubi/built-in.o
                0x0002f7ec                do_work
 .text.ubi_wl_flush
                0x0002f83c       0xb4 drivers/mtd/ubi/built-in.o
                0x0002f83c                ubi_wl_flush
 .text.shutdown_work
                0x0002f8f0       0x5c drivers/mtd/ubi/built-in.o
 .text.find_wl_entry
                0x0002f94c       0x88 drivers/mtd/ubi/built-in.o
 .text.get_peb_for_wl
                0x0002f9d4       0x94 drivers/mtd/ubi/built-in.o
 .text.ubi_wl_get_peb
                0x0002fa68      0x168 drivers/mtd/ubi/built-in.o
                0x0002fa68                ubi_wl_get_peb
 .text.wl_entry_destroy
                0x0002fbd0       0x18 drivers/mtd/ubi/built-in.o
 .text.tree_destroy
                0x0002fbe8       0x60 drivers/mtd/ubi/built-in.o
 .text.ubi_wl_close
                0x0002fc48       0xc4 drivers/mtd/ubi/built-in.o
                0x0002fc48                ubi_wl_close
 .text.schedule_erase
                0x0002fd0c       0x84 drivers/mtd/ubi/built-in.o
 .text.ensure_wear_leveling
                0x0002fd90      0x11c drivers/mtd/ubi/built-in.o
 .text.wl_tree_add
                0x0002feac       0x68 drivers/mtd/ubi/built-in.o
 .text.ubi_wl_init
                0x0002ff14      0x320 drivers/mtd/ubi/built-in.o
                0x0002ff14                ubi_wl_init
 .text.erase_worker
                0x00030234      0x494 drivers/mtd/ubi/built-in.o
 .text.ubi_wl_scrub_peb
                0x000306c8      0x24c drivers/mtd/ubi/built-in.o
                0x000306c8                ubi_wl_scrub_peb
 .text.ubi_wl_put_peb
                0x00030914      0x324 drivers/mtd/ubi/built-in.o
                0x00030914                ubi_wl_put_peb
 .text.wear_leveling_worker
                0x00030c38      0x4e4 drivers/mtd/ubi/built-in.o
 .text.crc32_le
                0x0003111c       0xf0 drivers/mtd/ubi/built-in.o
                0x0003111c                crc32_le
 .text.ubi_calc_data_len
                0x0003120c       0x34 drivers/mtd/ubi/built-in.o
                0x0003120c                ubi_calc_data_len
 .text.ubi_calculate_reserved
                0x00031240       0x20 drivers/mtd/ubi/built-in.o
                0x00031240                ubi_calculate_reserved
 .text.ubi_check_pattern
                0x00031260       0x30 drivers/mtd/ubi/built-in.o
                0x00031260                ubi_check_pattern
 .text.ubi_update_reserved
                0x00031290       0x54 drivers/mtd/ubi/built-in.o
                0x00031290                ubi_update_reserved
 .text.ubi_check_volume
                0x000312e4       0xb0 drivers/mtd/ubi/built-in.o
                0x000312e4                ubi_check_volume
 .text.ubi_dump_ec_hdr
                0x00031394        0x4 drivers/mtd/ubi/built-in.o
                0x00031394                ubi_dump_ec_hdr
 .text.ubi_dump_vid_hdr
                0x00031398        0x4 drivers/mtd/ubi/built-in.o